[103.000000, 12.000000, 13.500000, 14.000000]
[g, I, F]
[6.000000, 5.600000]
[97, 3, 4]
