[0, 0, 0, 0, 0, 0, 0, 0]
[0.000000, 0.000000, 0.000000, 0.000000, 0.000000, 0.000000, 0.000000, 0.000000]
[false, false, false, false, false, false, false, false]
[, , , , , , , ]
[]
