[11, 12, 13, 14, 15]
[11, 12, 22222222, 14, 15]
[11, 12, 22222222, 14, 15]
