[0.000000, 22.220000, 13.700000, 14.110000, 555.550000]
