Couldn't read file "/home/sarbjot/Desktop/cmpt379/bilbyCompiler/bilbyStudents2021/input/array/output/error_reasign-imm-array.asm"
