[11, 12, 13, 14, 15]
[11.700000, 12.400000, 13.300000, 14.900000, 15.400000]
[Y, M, c, A]
[true, false, true, true]
[compilers, are, great]
