[[<2.400000..5.600000>, <3.300000..9.800000>], [<25.400000..55.600000>]]
[[<2..5>, <3..9>], [<22..52>, <32..92>]]
[[[<a..c>], [<g..o>]], [[<d..h>]]]
