[<2.400000..5.600000>, <3.300000..9.800000>]
[<2..5>, <3..9>]
[<a..c>, <g..o>, <d..h>]
