Couldn't read file "/home/sarbjot/Desktop/cmpt379/bilbyCompiler/bilbyStudents2021/input/assignment/output/immFloating2.asm"
