Couldn't read file "/home/sarbjot/Desktop/cmpt379/bilbyCompiler/bilbyStudents2021/input/typechecking/output/good_typecheck_add_floating_floating.asm"
