outer 0
inner 1
inner 2
THREE
inner 4
outer 1
inner 1
inner 2
THREE
inner 4
outer 2
inner 1
inner 2
THREE
inner 4
