outer 1
after continue
outer 2
after continue
outer 3
count is 3
outer 4
after continue
outer 5
after continue
