Bad format specification encountered in "Printf" at location 8.
