Couldn't read file "/home/sarbjot/Desktop/cmpt379/bilbyCompiler/bilbyStudents2021/input/jumpstart/output/floatingGreater2.asm"
