120.000000
120.000000
0.012000
1200000000000000000000.000000
