Couldn't read file "/home/sarbjot/Desktop/cmpt379/bilbyCompiler/bilbyStudents2021/input/boolean-and-or/output/boolean-and-or-precedence.asm"
