if worked true
if worked true with equality condition
