else worked
if passed true
else passed 
else if passed
