<,..MNot enough operands on stack for Printf instruction at location 67.
