[ 174 44 77 ]
[ 174 ]
[ 77 44 ]
<,..M>
[ 174 100 105 ]
[ 174 ]
[ 105 100 ]
<d..i>
