[ 174 2 4 179 20 ]
false
[ 174 175 4 4 187 20 ]
true
[ 174 176 6 4 195 20 ]
true
[ 174 177 20 4 203 20 ]
true
[ 174 178 25 4 211 20 ]
false
