Bad operand type for JumpFalse instruction at location 10.
