Bad operand type for Printf instruction at location 17.
