Not enough operands on stack for Add instruction at location 0.
