Bad operand type for StoreI instruction at location 40.
