false
false
true
Bad operand type for StoreI instruction at location 127.
